imgs/train/frame_000000.jpg edge_maps/train/frame_000000.png
imgs/train/frame_000034.jpg edge_maps/train/frame_000034.png
imgs/train/frame_000047.jpg edge_maps/train/frame_000047.png
imgs/train/frame_000060.jpg edge_maps/train/frame_000060.png
imgs/train/frame_000077.jpg edge_maps/train/frame_000077.png
imgs/train/frame_000119.jpg edge_maps/train/frame_000119.png
imgs/train/frame_000134.jpg edge_maps/train/frame_000134.png
imgs/train/frame_000162.jpg edge_maps/train/frame_000162.png
imgs/train/frame_000167.jpg edge_maps/train/frame_000167.png
imgs/train/frame_000167_2.jpg edge_maps/train/frame_000167_2.png
imgs/train/frame_000172.jpg edge_maps/train/frame_000172.png
imgs/train/frame_000186.jpg edge_maps/train/frame_000186.png
imgs/train/frame_000191.jpg edge_maps/train/frame_000191.png
imgs/train/frame_000194.jpg edge_maps/train/frame_000194.png
imgs/train/frame_000201.jpg edge_maps/train/frame_000201.png
imgs/train/frame_000228.jpg edge_maps/train/frame_000228.png
imgs/train/frame_000239.jpg edge_maps/train/frame_000239.png
imgs/train/frame_000250.jpg edge_maps/train/frame_000250.png
imgs/train/frame_000252.jpg edge_maps/train/frame_000252.png
imgs/train/frame_000254.jpg edge_maps/train/frame_000254.png
imgs/train/frame_000255.jpg edge_maps/train/frame_000255.png
imgs/train/frame_000286.jpg edge_maps/train/frame_000286.png
imgs/train/frame_000288.jpg edge_maps/train/frame_000288.png
imgs/train/frame_000288_2.jpg edge_maps/train/frame_000288_2.png
imgs/train/frame_000296.jpg edge_maps/train/frame_000296.png
imgs/train/frame_000296_2.jpg edge_maps/train/frame_000296_2.png
imgs/train/frame_000301.jpg edge_maps/train/frame_000301.png
imgs/train/frame_000303.jpg edge_maps/train/frame_000303.png
imgs/train/frame_000303_2.jpg edge_maps/train/frame_000303_2.png
imgs/train/frame_000305.jpg edge_maps/train/frame_000305.png
imgs/train/frame_000306.jpg edge_maps/train/frame_000306.png
imgs/train/frame_000325.jpg edge_maps/train/frame_000325.png
imgs/train/frame_000332.jpg edge_maps/train/frame_000332.png
imgs/train/frame_000350.jpg edge_maps/train/frame_000350.png
imgs/train/frame_000354.jpg edge_maps/train/frame_000354.png
imgs/train/frame_000376.jpg edge_maps/train/frame_000376.png
imgs/train/frame_000376_2.jpg edge_maps/train/frame_000376_2.png
imgs/train/frame_000380.jpg edge_maps/train/frame_000380.png
imgs/train/frame_000390_2.jpg edge_maps/train/frame_000390_2.png
imgs/train/frame_000396.jpg edge_maps/train/frame_000396.png
imgs/train/frame_000396_2.jpg edge_maps/train/frame_000396_2.png
imgs/train/frame_000406_2.jpg edge_maps/train/frame_000406_2.png
imgs/train/frame_000430.jpg edge_maps/train/frame_000430.png
imgs/train/frame_000430_2.jpg edge_maps/train/frame_000430_2.png
imgs/train/frame_000436.jpg edge_maps/train/frame_000436.png
imgs/train/frame_000455.jpg edge_maps/train/frame_000455.png
imgs/train/frame_000456.jpg edge_maps/train/frame_000456.png
imgs/train/frame_000471.jpg edge_maps/train/frame_000471.png
imgs/train/frame_000477.jpg edge_maps/train/frame_000477.png
imgs/train/frame_000477_2.jpg edge_maps/train/frame_000477_2.png
imgs/train/frame_000478.jpg edge_maps/train/frame_000478.png
imgs/train/frame_000478_2.jpg edge_maps/train/frame_000478_2.png
imgs/train/frame_000488_2.jpg edge_maps/train/frame_000488_2.png
imgs/train/frame_000490.jpg edge_maps/train/frame_000490.png
imgs/train/frame_000522.jpg edge_maps/train/frame_000522.png
imgs/train/frame_000526.jpg edge_maps/train/frame_000526.png
imgs/train/frame_000527.jpg edge_maps/train/frame_000527.png
imgs/train/frame_000532.jpg edge_maps/train/frame_000532.png
imgs/train/frame_000533.jpg edge_maps/train/frame_000533.png
imgs/train/frame_000533_2.jpg edge_maps/train/frame_000533_2.png
imgs/train/frame_000542.jpg edge_maps/train/frame_000542.png
imgs/train/frame_000550.jpg edge_maps/train/frame_000550.png
imgs/train/frame_000569.jpg edge_maps/train/frame_000569.png
imgs/train/frame_000569_2.jpg edge_maps/train/frame_000569_2.png
imgs/train/frame_000578.jpg edge_maps/train/frame_000578.png
imgs/train/frame_000583.jpg edge_maps/train/frame_000583.png
imgs/train/frame_000585.jpg edge_maps/train/frame_000585.png
imgs/train/frame_000611.jpg edge_maps/train/frame_000611.png
imgs/train/frame_000612.jpg edge_maps/train/frame_000612.png
imgs/train/frame_000622.jpg edge_maps/train/frame_000622.png
imgs/train/frame_000626.jpg edge_maps/train/frame_000626.png
imgs/train/frame_000653.jpg edge_maps/train/frame_000653.png
imgs/train/frame_000667_2.jpg edge_maps/train/frame_000667_2.png
imgs/train/frame_000674.jpg edge_maps/train/frame_000674.png
imgs/train/frame_000674_2.jpg edge_maps/train/frame_000674_2.png
imgs/train/frame_000678.jpg edge_maps/train/frame_000678.png
imgs/train/frame_000678_2.jpg edge_maps/train/frame_000678_2.png
imgs/train/frame_000681.jpg edge_maps/train/frame_000681.png
imgs/train/frame_000681_2.jpg edge_maps/train/frame_000681_2.png
imgs/train/frame_000682.jpg edge_maps/train/frame_000682.png
imgs/train/frame_000687.jpg edge_maps/train/frame_000687.png
imgs/train/frame_000696.jpg edge_maps/train/frame_000696.png
imgs/train/frame_000696_2.jpg edge_maps/train/frame_000696_2.png
imgs/train/frame_000712.jpg edge_maps/train/frame_000712.png
imgs/train/frame_000722.jpg edge_maps/train/frame_000722.png
imgs/train/frame_000722_2.jpg edge_maps/train/frame_000722_2.png
imgs/train/frame_000727.jpg edge_maps/train/frame_000727.png
imgs/train/frame_000730.jpg edge_maps/train/frame_000730.png
imgs/train/frame_000730_2.jpg edge_maps/train/frame_000730_2.png
imgs/train/frame_000731.jpg edge_maps/train/frame_000731.png
imgs/train/frame_000747.jpg edge_maps/train/frame_000747.png
imgs/train/frame_000747_2.jpg edge_maps/train/frame_000747_2.png
imgs/train/frame_000748_2.jpg edge_maps/train/frame_000748_2.png
imgs/train/frame_000749.jpg edge_maps/train/frame_000749.png
imgs/train/frame_000750.jpg edge_maps/train/frame_000750.png
imgs/train/frame_000750_2.jpg edge_maps/train/frame_000750_2.png
imgs/train/frame_000751.jpg edge_maps/train/frame_000751.png
imgs/train/frame_000751_2.jpg edge_maps/train/frame_000751_2.png
imgs/train/frame_000752.jpg edge_maps/train/frame_000752.png
imgs/train/frame_000757_2.jpg edge_maps/train/frame_000757_2.png
imgs/train/frame_000772.jpg edge_maps/train/frame_000772.png
imgs/train/frame_000772_2.jpg edge_maps/train/frame_000772_2.png
imgs/train/frame_000774.jpg edge_maps/train/frame_000774.png
imgs/train/frame_000809.jpg edge_maps/train/frame_000809.png
imgs/train/frame_000823.jpg edge_maps/train/frame_000823.png
imgs/train/frame_000829_2.jpg edge_maps/train/frame_000829_2.png
imgs/train/frame_000831.jpg edge_maps/train/frame_000831.png
imgs/train/frame_000838.jpg edge_maps/train/frame_000838.png
imgs/train/frame_000859.jpg edge_maps/train/frame_000859.png
imgs/train/frame_000859_2.jpg edge_maps/train/frame_000859_2.png
imgs/train/frame_000867_2.jpg edge_maps/train/frame_000867_2.png
imgs/train/frame_000878.jpg edge_maps/train/frame_000878.png
imgs/train/frame_000887.jpg edge_maps/train/frame_000887.png
imgs/train/frame_000895.jpg edge_maps/train/frame_000895.png
imgs/train/frame_000895_2.jpg edge_maps/train/frame_000895_2.png
imgs/train/frame_000899.jpg edge_maps/train/frame_000899.png
imgs/train/frame_000899_2.jpg edge_maps/train/frame_000899_2.png
imgs/train/frame_000901.jpg edge_maps/train/frame_000901.png
imgs/train/frame_000902.jpg edge_maps/train/frame_000902.png
imgs/train/frame_000920.jpg edge_maps/train/frame_000920.png
imgs/train/frame_000925.jpg edge_maps/train/frame_000925.png
imgs/train/frame_000937.jpg edge_maps/train/frame_000937.png
imgs/train/frame_000940.jpg edge_maps/train/frame_000940.png
imgs/train/frame_000944.jpg edge_maps/train/frame_000944.png
imgs/train/frame_000962.jpg edge_maps/train/frame_000962.png
imgs/train/frame_000967.jpg edge_maps/train/frame_000967.png
imgs/train/frame_000973.jpg edge_maps/train/frame_000973.png
imgs/train/frame_000975.jpg edge_maps/train/frame_000975.png
imgs/train/frame_001000.jpg edge_maps/train/frame_001000.png
imgs/train/frame_001013.jpg edge_maps/train/frame_001013.png
imgs/train/frame_001013_2.jpg edge_maps/train/frame_001013_2.png
imgs/train/frame_001038.jpg edge_maps/train/frame_001038.png
imgs/train/frame_001059.jpg edge_maps/train/frame_001059.png
imgs/train/frame_001062.jpg edge_maps/train/frame_001062.png
imgs/train/frame_001069.jpg edge_maps/train/frame_001069.png
imgs/train/frame_001070.jpg edge_maps/train/frame_001070.png
imgs/train/frame_001082_2.jpg edge_maps/train/frame_001082_2.png
imgs/train/frame_001092_2.jpg edge_maps/train/frame_001092_2.png
imgs/train/frame_001105.jpg edge_maps/train/frame_001105.png
imgs/train/frame_001105_2.jpg edge_maps/train/frame_001105_2.png
imgs/train/frame_001109.jpg edge_maps/train/frame_001109.png
imgs/train/frame_001109_2.jpg edge_maps/train/frame_001109_2.png
imgs/train/frame_001115.jpg edge_maps/train/frame_001115.png
imgs/train/frame_001115_2.jpg edge_maps/train/frame_001115_2.png
imgs/train/frame_001134.jpg edge_maps/train/frame_001134.png
imgs/train/frame_001136.jpg edge_maps/train/frame_001136.png
imgs/train/frame_001157.jpg edge_maps/train/frame_001157.png
imgs/train/frame_001161.jpg edge_maps/train/frame_001161.png
imgs/train/frame_001168.jpg edge_maps/train/frame_001168.png
imgs/train/frame_001169.jpg edge_maps/train/frame_001169.png
imgs/train/frame_001169_2.jpg edge_maps/train/frame_001169_2.png
imgs/train/frame_001172.jpg edge_maps/train/frame_001172.png
imgs/train/frame_001174.jpg edge_maps/train/frame_001174.png
imgs/train/frame_001174_2.jpg edge_maps/train/frame_001174_2.png
imgs/train/frame_001175.jpg edge_maps/train/frame_001175.png
imgs/train/frame_001175_2.jpg edge_maps/train/frame_001175_2.png
imgs/train/frame_001180.jpg edge_maps/train/frame_001180.png
imgs/train/frame_001180_2.jpg edge_maps/train/frame_001180_2.png
imgs/train/frame_001192.jpg edge_maps/train/frame_001192.png
imgs/train/frame_001192_2.jpg edge_maps/train/frame_001192_2.png
imgs/train/frame_001196.jpg edge_maps/train/frame_001196.png
imgs/train/frame_001196_2.jpg edge_maps/train/frame_001196_2.png
imgs/train/frame_001202.jpg edge_maps/train/frame_001202.png
imgs/train/frame_001203.jpg edge_maps/train/frame_001203.png
imgs/train/frame_001204.jpg edge_maps/train/frame_001204.png
imgs/train/frame_001204_2.jpg edge_maps/train/frame_001204_2.png
imgs/train/frame_001212.jpg edge_maps/train/frame_001212.png
imgs/train/frame_001228.jpg edge_maps/train/frame_001228.png
imgs/train/frame_001234_2.jpg edge_maps/train/frame_001234_2.png
imgs/train/frame_001242.jpg edge_maps/train/frame_001242.png
imgs/train/frame_001242_2.jpg edge_maps/train/frame_001242_2.png
imgs/train/frame_001272.jpg edge_maps/train/frame_001272.png
imgs/train/frame_001274.jpg edge_maps/train/frame_001274.png
imgs/train/frame_001286_2.jpg edge_maps/train/frame_001286_2.png
imgs/train/frame_001299.jpg edge_maps/train/frame_001299.png
imgs/train/frame_001312.jpg edge_maps/train/frame_001312.png
imgs/train/frame_001326.jpg edge_maps/train/frame_001326.png
imgs/train/frame_001353.jpg edge_maps/train/frame_001353.png
imgs/train/frame_001381.jpg edge_maps/train/frame_001381.png
imgs/train/frame_001449.jpg edge_maps/train/frame_001449.png
imgs/train/frame_001456.jpg edge_maps/train/frame_001456.png
imgs/train/frame_001461.jpg edge_maps/train/frame_001461.png
imgs/train/frame_001478.jpg edge_maps/train/frame_001478.png
imgs/train/frame_001509.jpg edge_maps/train/frame_001509.png
imgs/train/frame_001516.jpg edge_maps/train/frame_001516.png
imgs/train/frame_001519.jpg edge_maps/train/frame_001519.png
imgs/train/frame_001528.jpg edge_maps/train/frame_001528.png
imgs/train/frame_001533.jpg edge_maps/train/frame_001533.png
imgs/train/frame_001536.jpg edge_maps/train/frame_001536.png
imgs/train/frame_001553.jpg edge_maps/train/frame_001553.png
imgs/train/frame_001558.jpg edge_maps/train/frame_001558.png
imgs/train/frame_001588.jpg edge_maps/train/frame_001588.png
imgs/train/frame_001591.jpg edge_maps/train/frame_001591.png
imgs/train/frame_001597.jpg edge_maps/train/frame_001597.png
imgs/train/frame_001636.jpg edge_maps/train/frame_001636.png
imgs/train/frame_001648.jpg edge_maps/train/frame_001648.png
imgs/train/frame_001652.jpg edge_maps/train/frame_001652.png
imgs/train/frame_001667.jpg edge_maps/train/frame_001667.png
imgs/train/frame_001676.jpg edge_maps/train/frame_001676.png
imgs/train/frame_001680.jpg edge_maps/train/frame_001680.png
imgs/train/frame_001726.jpg edge_maps/train/frame_001726.png
imgs/train/frame_001777.jpg edge_maps/train/frame_001777.png
imgs/train/frame_001788.jpg edge_maps/train/frame_001788.png
imgs/train/frame_001823.jpg edge_maps/train/frame_001823.png
imgs/train/frame_001848.jpg edge_maps/train/frame_001848.png
imgs/train/frame_001859.jpg edge_maps/train/frame_001859.png
imgs/train/frame_001865.jpg edge_maps/train/frame_001865.png
imgs/train/frame_001898.jpg edge_maps/train/frame_001898.png
imgs/train/frame_001899.jpg edge_maps/train/frame_001899.png
imgs/train/frame_001904.jpg edge_maps/train/frame_001904.png
imgs/train/frame_001910.jpg edge_maps/train/frame_001910.png
imgs/train/frame_001926.jpg edge_maps/train/frame_001926.png
